.F
================================== FAILURES ===================================
____________________ test_bug1_opacity_effect_not_removed _____________________
tests\ui\test_ui_rendering_bugs.py:167: in test_bug1_opacity_effect_not_removed
    @given(st.integers(min_value=1, max_value=5))
                   ^^^^^^^
tests\ui\test_ui_rendering_bugs.py:210: in test_bug1_opacity_effect_not_removed
    "accept",
E   AssertionError: Bug 1 confirmed: widget.graphicsEffect() is not None after animation finished signal fired. The unfixed _fade_in_widget() never connects anim.finished to a cleanup slot, so the QGraphicsOpacityEffect persists. Got: <PySide6.QtWidgets.QGraphicsOpacityEffect(0x1d9112ae890) at 0x000001D912B67B40>
E   assert <PySide6.QtWidgets.QGraphicsOpacityEffect(0x1d9112ae890) at 0x000001D912B67B40> is None
E   Falsifying example: test_bug1_opacity_effect_not_removed(
E       qapp=<PySide6.QtWidgets.QApplication(0x1d910e22ff0) at 0x000001D91239B0C0>,
E       n_widgets=1,
E   )
=========================== short test summary info ===========================
FAILED tests/ui/test_ui_rendering_bugs.py::test_bug1_opacity_effect_not_removed
!!!!!!!!!!!!!!!!!!!!!!!!!! stopping after 1 failures !!!!!!!!!!!!!!!!!!!!!!!!!!
1 failed, 1 passed in 3062.77s (0:51:02)
